------------------------------------------------------------
TimeQuest Timing Analyzer Summary
------------------------------------------------------------

Type  : Slow 1100mV 85C Model Setup 'clock'
Slack : -0.168
TNS   : -0.547

Type  : Slow 1100mV 85C Model Hold 'clock'
Slack : 0.363
TNS   : 0.000

Type  : Slow 1100mV 85C Model Minimum Pulse Width 'clock'
Slack : -0.394
TNS   : -2.136

Type  : Slow 1100mV 0C Model Setup 'clock'
Slack : -0.204
TNS   : -0.655

Type  : Slow 1100mV 0C Model Hold 'clock'
Slack : 0.376
TNS   : 0.000

Type  : Slow 1100mV 0C Model Minimum Pulse Width 'clock'
Slack : -0.394
TNS   : -2.291

Type  : Fast 1100mV 85C Model Setup 'clock'
Slack : 0.311
TNS   : 0.000

Type  : Fast 1100mV 85C Model Hold 'clock'
Slack : 0.180
TNS   : 0.000

Type  : Fast 1100mV 85C Model Minimum Pulse Width 'clock'
Slack : -0.080
TNS   : -0.315

Type  : Fast 1100mV 0C Model Setup 'clock'
Slack : 0.338
TNS   : 0.000

Type  : Fast 1100mV 0C Model Hold 'clock'
Slack : 0.170
TNS   : 0.000

Type  : Fast 1100mV 0C Model Minimum Pulse Width 'clock'
Slack : -0.079
TNS   : -0.310

------------------------------------------------------------
