------------------------------------------------------------
TimeQuest Timing Analyzer Summary
------------------------------------------------------------

Type  : Slow 1100mV 85C Model Setup 'CLOCK_50'
Slack : -5.678
TNS   : -183.106

Type  : Slow 1100mV 85C Model Setup 'KEY[1]'
Slack : -5.465
TNS   : -10.563

Type  : Slow 1100mV 85C Model Setup 'KEY[0]'
Slack : -3.571
TNS   : -13.874

Type  : Slow 1100mV 85C Model Setup 'clock_divider:cl1|clk_ms'
Slack : -1.957
TNS   : -45.135

Type  : Slow 1100mV 85C Model Hold 'clock_divider:cl1|clk_ms'
Slack : 0.271
TNS   : 0.000

Type  : Slow 1100mV 85C Model Hold 'CLOCK_50'
Slack : 0.316
TNS   : 0.000

Type  : Slow 1100mV 85C Model Hold 'KEY[0]'
Slack : 1.230
TNS   : 0.000

Type  : Slow 1100mV 85C Model Hold 'KEY[1]'
Slack : 2.202
TNS   : 0.000

Type  : Slow 1100mV 85C Model Recovery 'KEY[0]'
Slack : -4.339
TNS   : -16.730

Type  : Slow 1100mV 85C Model Recovery 'clock_divider:cl1|clk_ms'
Slack : -3.456
TNS   : -96.562

Type  : Slow 1100mV 85C Model Recovery 'CLOCK_50'
Slack : -2.747
TNS   : -128.886

Type  : Slow 1100mV 85C Model Removal 'CLOCK_50'
Slack : 0.772
TNS   : 0.000

Type  : Slow 1100mV 85C Model Removal 'KEY[0]'
Slack : 1.404
TNS   : 0.000

Type  : Slow 1100mV 85C Model Removal 'clock_divider:cl1|clk_ms'
Slack : 2.133
TNS   : 0.000

Type  : Slow 1100mV 85C Model Minimum Pulse Width 'CLOCK_50'
Slack : -0.394
TNS   : -39.785

Type  : Slow 1100mV 85C Model Minimum Pulse Width 'clock_divider:cl1|clk_ms'
Slack : -0.394
TNS   : -16.208

Type  : Slow 1100mV 85C Model Minimum Pulse Width 'KEY[1]'
Slack : -0.305
TNS   : -1.877

Type  : Slow 1100mV 85C Model Minimum Pulse Width 'KEY[0]'
Slack : 0.102
TNS   : 0.000

Type  : Slow 1100mV 0C Model Setup 'CLOCK_50'
Slack : -5.616
TNS   : -177.906

Type  : Slow 1100mV 0C Model Setup 'KEY[1]'
Slack : -5.441
TNS   : -10.559

Type  : Slow 1100mV 0C Model Setup 'KEY[0]'
Slack : -3.609
TNS   : -13.760

Type  : Slow 1100mV 0C Model Setup 'clock_divider:cl1|clk_ms'
Slack : -2.068
TNS   : -47.280

Type  : Slow 1100mV 0C Model Hold 'CLOCK_50'
Slack : 0.073
TNS   : 0.000

Type  : Slow 1100mV 0C Model Hold 'clock_divider:cl1|clk_ms'
Slack : 0.270
TNS   : 0.000

Type  : Slow 1100mV 0C Model Hold 'KEY[0]'
Slack : 1.163
TNS   : 0.000

Type  : Slow 1100mV 0C Model Hold 'KEY[1]'
Slack : 2.182
TNS   : 0.000

Type  : Slow 1100mV 0C Model Recovery 'KEY[0]'
Slack : -4.194
TNS   : -16.124

Type  : Slow 1100mV 0C Model Recovery 'clock_divider:cl1|clk_ms'
Slack : -3.369
TNS   : -94.101

Type  : Slow 1100mV 0C Model Recovery 'CLOCK_50'
Slack : -2.446
TNS   : -111.776

Type  : Slow 1100mV 0C Model Removal 'CLOCK_50'
Slack : 0.498
TNS   : 0.000

Type  : Slow 1100mV 0C Model Removal 'KEY[0]'
Slack : 1.142
TNS   : 0.000

Type  : Slow 1100mV 0C Model Removal 'clock_divider:cl1|clk_ms'
Slack : 2.067
TNS   : 0.000

Type  : Slow 1100mV 0C Model Minimum Pulse Width 'CLOCK_50'
Slack : -0.394
TNS   : -43.012

Type  : Slow 1100mV 0C Model Minimum Pulse Width 'clock_divider:cl1|clk_ms'
Slack : -0.394
TNS   : -16.022

Type  : Slow 1100mV 0C Model Minimum Pulse Width 'KEY[1]'
Slack : -0.224
TNS   : -1.435

Type  : Slow 1100mV 0C Model Minimum Pulse Width 'KEY[0]'
Slack : 0.077
TNS   : 0.000

Type  : Fast 1100mV 85C Model Setup 'CLOCK_50'
Slack : -3.159
TNS   : -86.399

Type  : Fast 1100mV 85C Model Setup 'KEY[1]'
Slack : -3.150
TNS   : -6.073

Type  : Fast 1100mV 85C Model Setup 'KEY[0]'
Slack : -2.241
TNS   : -8.485

Type  : Fast 1100mV 85C Model Setup 'clock_divider:cl1|clk_ms'
Slack : -0.745
TNS   : -16.617

Type  : Fast 1100mV 85C Model Hold 'CLOCK_50'
Slack : 0.052
TNS   : 0.000

Type  : Fast 1100mV 85C Model Hold 'clock_divider:cl1|clk_ms'
Slack : 0.093
TNS   : 0.000

Type  : Fast 1100mV 85C Model Hold 'KEY[0]'
Slack : 0.677
TNS   : 0.000

Type  : Fast 1100mV 85C Model Hold 'KEY[1]'
Slack : 1.208
TNS   : 0.000

Type  : Fast 1100mV 85C Model Recovery 'KEY[0]'
Slack : -3.022
TNS   : -11.588

Type  : Fast 1100mV 85C Model Recovery 'clock_divider:cl1|clk_ms'
Slack : -2.259
TNS   : -63.163

Type  : Fast 1100mV 85C Model Recovery 'CLOCK_50'
Slack : -2.076
TNS   : -81.966

Type  : Fast 1100mV 85C Model Removal 'CLOCK_50'
Slack : 0.384
TNS   : 0.000

Type  : Fast 1100mV 85C Model Removal 'KEY[0]'
Slack : 0.890
TNS   : 0.000

Type  : Fast 1100mV 85C Model Removal 'clock_divider:cl1|clk_ms'
Slack : 1.075
TNS   : 0.000

Type  : Fast 1100mV 85C Model Minimum Pulse Width 'CLOCK_50'
Slack : -0.363
TNS   : -5.785

Type  : Fast 1100mV 85C Model Minimum Pulse Width 'KEY[1]'
Slack : -0.359
TNS   : -3.278

Type  : Fast 1100mV 85C Model Minimum Pulse Width 'KEY[0]'
Slack : -0.072
TNS   : -0.576

Type  : Fast 1100mV 85C Model Minimum Pulse Width 'clock_divider:cl1|clk_ms'
Slack : 0.044
TNS   : 0.000

Type  : Fast 1100mV 0C Model Setup 'KEY[1]'
Slack : -2.809
TNS   : -5.398

Type  : Fast 1100mV 0C Model Setup 'CLOCK_50'
Slack : -2.757
TNS   : -73.867

Type  : Fast 1100mV 0C Model Setup 'KEY[0]'
Slack : -2.024
TNS   : -7.814

Type  : Fast 1100mV 0C Model Setup 'clock_divider:cl1|clk_ms'
Slack : -0.701
TNS   : -15.265

Type  : Fast 1100mV 0C Model Hold 'CLOCK_50'
Slack : -0.123
TNS   : -0.259

Type  : Fast 1100mV 0C Model Hold 'clock_divider:cl1|clk_ms'
Slack : 0.078
TNS   : 0.000

Type  : Fast 1100mV 0C Model Hold 'KEY[0]'
Slack : 0.618
TNS   : 0.000

Type  : Fast 1100mV 0C Model Hold 'KEY[1]'
Slack : 1.084
TNS   : 0.000

Type  : Fast 1100mV 0C Model Recovery 'KEY[0]'
Slack : -2.670
TNS   : -10.256

Type  : Fast 1100mV 0C Model Recovery 'clock_divider:cl1|clk_ms'
Slack : -2.155
TNS   : -60.253

Type  : Fast 1100mV 0C Model Recovery 'CLOCK_50'
Slack : -1.798
TNS   : -64.550

Type  : Fast 1100mV 0C Model Removal 'CLOCK_50'
Slack : 0.217
TNS   : 0.000

Type  : Fast 1100mV 0C Model Removal 'KEY[0]'
Slack : 0.629
TNS   : 0.000

Type  : Fast 1100mV 0C Model Removal 'clock_divider:cl1|clk_ms'
Slack : 1.003
TNS   : 0.000

Type  : Fast 1100mV 0C Model Minimum Pulse Width 'CLOCK_50'
Slack : -0.364
TNS   : -6.265

Type  : Fast 1100mV 0C Model Minimum Pulse Width 'KEY[1]'
Slack : -0.308
TNS   : -2.941

Type  : Fast 1100mV 0C Model Minimum Pulse Width 'KEY[0]'
Slack : -0.072
TNS   : -0.551

Type  : Fast 1100mV 0C Model Minimum Pulse Width 'clock_divider:cl1|clk_ms'
Slack : 0.069
TNS   : 0.000

------------------------------------------------------------
